strips-gripper-x-1
strips-gripper-x-10
strips-gripper-x-11
strips-gripper-x-12
strips-gripper-x-13
strips-gripper-x-14
strips-gripper-x-15
strips-gripper-x-16
strips-gripper-x-17
strips-gripper-x-18
strips-gripper-x-19
strips-gripper-x-2
strips-gripper-x-20
strips-gripper-x-3
strips-gripper-x-4
strips-gripper-x-5
strips-gripper-x-6
strips-gripper-x-7
strips-gripper-x-8
strips-gripper-x-9
strips-log-x-1
strips-log-x-2
strips-log-x-5
strips-log-x-7
strips-movie-x-1
strips-movie-x-10
strips-movie-x-11
strips-movie-x-12
strips-movie-x-13
strips-movie-x-14
strips-movie-x-15
strips-movie-x-16
strips-movie-x-17
strips-movie-x-18
strips-movie-x-19
strips-movie-x-2
strips-movie-x-20
strips-movie-x-21
strips-movie-x-22
strips-movie-x-23
strips-movie-x-24
strips-movie-x-25
strips-movie-x-26
strips-movie-x-27
strips-movie-x-28
strips-movie-x-29
strips-movie-x-3
strips-movie-x-30
strips-movie-x-4
strips-movie-x-5
strips-movie-x-6
strips-movie-x-7
strips-movie-x-8
strips-movie-x-9
strips-mprime-x-1
strips-mprime-x-11
strips-mprime-x-12
strips-mprime-x-16
strips-mprime-x-17
strips-mprime-x-2
strips-mprime-x-21
strips-mprime-x-25
strips-mprime-x-26
strips-mprime-x-27
strips-mprime-x-28
strips-mprime-x-29
strips-mprime-x-3
strips-mprime-x-4
strips-mprime-x-5
strips-mprime-x-7
strips-mprime-x-8
strips-mprime-x-9
strips-mysty-x-1
strips-mysty-x-10
strips-mysty-x-11
strips-mysty-x-13
strips-mysty-x-17
strips-mysty-x-19
strips-mysty-x-2
strips-mysty-x-25
strips-mysty-x-26
strips-mysty-x-27
strips-mysty-x-28
strips-mysty-x-29
strips-mysty-x-3
strips-mysty-x-30
strips-mysty-x-9
