blocks-10-0
blocks-10-1
blocks-10-2
blocks-100-0
blocks-100-1
blocks-11-0
blocks-11-1
blocks-11-2
blocks-12-0
blocks-12-1
blocks-13-0
blocks-13-1
blocks-14-0
blocks-14-1
blocks-15-0
blocks-15-1
blocks-16-1
blocks-16-2
blocks-17-0
blocks-17-1
blocks-18-0
blocks-18-1
blocks-19-0
blocks-19-1
blocks-20-0
blocks-20-1
blocks-200-0
blocks-200-1
blocks-21-0
blocks-21-1
blocks-22-0
blocks-22-1
blocks-23-0
blocks-23-1
blocks-24-0
blocks-24-1
blocks-25-0
blocks-25-1
blocks-250-0
blocks-250-1
blocks-26-0
blocks-26-1
blocks-27-0
blocks-27-1
blocks-28-0
blocks-28-1
blocks-29-0
blocks-29-1
blocks-30-0
blocks-30-1
blocks-300-0
blocks-300-1
blocks-31-0
blocks-31-1
blocks-32-0
blocks-32-1
blocks-33-0
blocks-33-1
blocks-34-0
blocks-34-1
blocks-35-0
blocks-35-1
blocks-350-0
blocks-350-1
blocks-36-0
blocks-36-1
blocks-37-0
blocks-37-1
blocks-38-0
blocks-38-1
blocks-39-0
blocks-39-1
blocks-4-0
blocks-4-1
blocks-4-2
blocks-40-0
blocks-40-1
blocks-400-0
blocks-400-1
blocks-41-0
blocks-41-1
blocks-42-0
blocks-42-1
blocks-425-0
blocks-425-1
blocks-43-0
blocks-43-1
blocks-44-0
blocks-44-1
blocks-45-0
blocks-45-1
blocks-450-0
blocks-450-1
blocks-46-0
blocks-46-1
blocks-47-0
blocks-47-1
blocks-475-0
blocks-475-1
blocks-48-0
blocks-48-1
blocks-49-0
blocks-49-1
blocks-5-0
blocks-5-1
blocks-5-2
blocks-50-0
blocks-50-1
blocks-500-0
blocks-500-1
blocks-55-0
blocks-55-1
blocks-6-0
blocks-6-1
blocks-6-2
blocks-60-0
blocks-60-1
blocks-65-0
blocks-65-1
blocks-7-0
blocks-7-1
blocks-7-2
blocks-70-0
blocks-70-1
blocks-8-0
blocks-8-1
blocks-8-2
blocks-80-0
blocks-80-1
blocks-9-0
blocks-9-1
blocks-9-2
blocks-90-0
blocks-90-1
blocks-95-0
blocks-95-1
freecell-10-1
freecell-10-2
freecell-10-3
freecell-10-4
freecell-10-5
freecell-11-1
freecell-11-2
freecell-11-3
freecell-11-4
freecell-11-5
freecell-12-1
freecell-12-2
freecell-12-3
freecell-12-4
freecell-12-5
freecell-13-1
freecell-13-2
freecell-13-3
freecell-13-4
freecell-13-5
freecell-2-1
freecell-2-2
freecell-2-3
freecell-2-4
freecell-2-5
freecell-3-1
freecell-3-2
freecell-3-3
freecell-3-4
freecell-3-5
freecell-4-1
freecell-4-2
freecell-4-3
freecell-4-4
freecell-4-5
freecell-5-1
freecell-5-2
freecell-5-3
freecell-5-4
freecell-5-5
freecell-6-1
freecell-6-2
freecell-6-3
freecell-6-4
freecell-6-5
freecell-7-1
freecell-7-2
freecell-7-3
freecell-7-4
freecell-7-5
freecell-8-1
freecell-8-2
freecell-8-3
freecell-8-4
freecell-8-5
freecell-9-1
freecell-9-2
freecell-9-3
freecell-9-4
freecell-9-5
log-x-1
log-x-2
log-x-3
log-x-4
logistics-10-0
logistics-10-1
logistics-11-0
logistics-11-1
logistics-12-0
logistics-12-1
logistics-13-0
logistics-13-1
logistics-14-0
logistics-14-1
logistics-15-0
logistics-15-1
logistics-16-0
logistics-16-1
logistics-17-0
logistics-17-1
logistics-18-0
logistics-18-1
logistics-19-0
logistics-19-1
logistics-20-0
logistics-20-1
logistics-21-0
logistics-21-1
logistics-22-0
logistics-22-1
logistics-23-0
logistics-23-1
logistics-24-0
logistics-24-1
logistics-25-0
logistics-25-1
logistics-26-0
logistics-26-1
logistics-27-0
logistics-27-1
logistics-28-0
logistics-28-1
logistics-29-0
logistics-29-1
logistics-30-0
logistics-30-1
logistics-31-0
logistics-31-1
logistics-32-0
logistics-32-1
logistics-33-0
logistics-33-1
logistics-34-0
logistics-34-1
logistics-35-0
logistics-35-1
logistics-36-0
logistics-36-1
logistics-37-0
logistics-37-1
logistics-38-0
logistics-38-1
logistics-39-0
logistics-39-1
logistics-4-0
logistics-4-1
logistics-4-2
logistics-40-0
logistics-40-1
logistics-41-0
logistics-41-1
logistics-42-0
logistics-42-1
logistics-5-0
logistics-5-1
logistics-5-2
logistics-50-0
logistics-50-1
logistics-52-0
logistics-52-1
logistics-6-0
logistics-6-1
logistics-6-2
logistics-6-3
logistics-6-9
logistics-64-0
logistics-64-1
logistics-66-0
logistics-66-1
logistics-68-0
logistics-7-0
logistics-7-1
logistics-74-0
logistics-74-1
logistics-8-0
logistics-8-1
logistics-9-0
logistics-9-1
mixed-f10-p5-u0-v0-g0-a0-n0-a0-b0-n0-f0-r2
mixed-f10-p5-u0-v0-g0-a0-n0-a0-b0-n0-f0-r4
mixed-f12-p6-u0-v0-g0-a0-n0-a0-b0-n0-f0-r0
mixed-f12-p6-u0-v0-g0-a0-n0-a0-b0-n0-f0-r1
mixed-f14-p7-u0-v0-g0-a0-n0-a0-b0-n0-f0-r3
mixed-f14-p7-u0-v0-g0-a0-n0-a0-b0-n0-f0-r4
mixed-f16-p8-u0-v0-g0-a0-n0-a0-b0-n0-f0-r0
mixed-f16-p8-u0-v0-g0-a0-n0-a0-b0-n0-f0-r1
mixed-f18-p9-u0-v0-g0-a0-n0-a0-b0-n0-f0-r2
mixed-f18-p9-u0-v0-g0-a0-n0-a0-b0-n0-f0-r4
mixed-f2-p1-u0-v0-g0-a0-n0-a0-b0-n0-f0-r2
mixed-f2-p1-u0-v0-g0-a0-n0-a0-b0-n0-f0-r3
mixed-f20-p10-u0-v0-g0-a0-n0-a0-b0-n0-f0-r0
mixed-f20-p10-u0-v0-g0-a0-n0-a0-b0-n0-f0-r1
mixed-f22-p11-u0-v0-g0-a0-n0-a0-b0-n0-f0-r3
mixed-f22-p11-u0-v0-g0-a0-n0-a0-b0-n0-f0-r4
mixed-f24-p12-u0-v0-g0-a0-n0-a0-b0-n0-f0-r0
mixed-f24-p12-u0-v0-g0-a0-n0-a0-b0-n0-f0-r1
mixed-f26-p13-u0-v0-g0-a0-n0-a0-b0-n0-f0-r2
mixed-f26-p13-u0-v0-g0-a0-n0-a0-b0-n0-f0-r4
mixed-f28-p14-u0-v0-g0-a0-n0-a0-b0-n0-f0-r0
mixed-f30-p15-u0-v0-g0-a0-n0-a0-b0-n0-f0-r2
mixed-f30-p15-u0-v0-g0-a0-n0-a0-b0-n0-f0-r3
mixed-f30-p15-u0-v0-g0-a0-n0-a0-b0-n0-f0-r4
mixed-f32-p16-u0-v0-g0-a0-n0-a0-b0-n0-f0-r1
mixed-f34-p17-u0-v0-g0-a0-n0-a0-b0-n0-f0-r2
mixed-f34-p17-u0-v0-g0-a0-n0-a0-b0-n0-f0-r3
mixed-f36-p18-u0-v0-g0-a0-n0-a0-b0-n0-f0-r0
mixed-f38-p19-u0-v0-g0-a0-n0-a0-b0-n0-f0-r2
mixed-f38-p19-u0-v0-g0-a0-n0-a0-b0-n0-f0-r3
mixed-f38-p19-u0-v0-g0-a0-n0-a0-b0-n0-f0-r4
mixed-f40-p20-u0-v0-g0-a0-n0-a0-b0-n0-f0-r1
mixed-f6-p3-u0-v0-g0-a0-n0-a0-b0-n0-f0-r2
mixed-f6-p3-u0-v0-g0-a0-n0-a0-b0-n0-f0-r3
mixed-f6-p3-u0-v0-g0-a0-n0-a0-b0-n0-f0-r4
mixed-f8-p4-u0-v0-g0-a0-n0-a0-b0-n0-f0-r0
mixed-f8-p4-u0-v0-g0-a0-n0-a0-b0-n0-f0-r1
schedule-10-6
schedule-11-2
schedule-12-7
schedule-14-1
schedule-15-5
schedule-15-9
schedule-16-0
schedule-17-8
schedule-19-9
schedule-2-1
schedule-21-8
schedule-3-5
schedule-4-7
schedule-5-3
schedule-6-6
schedule-7-2
schedule-8-7
schedule-9-3
solved.lst
strips-gripper-x-1
strips-gripper-x-10
strips-gripper-x-11
strips-gripper-x-12
strips-gripper-x-13
strips-gripper-x-14
strips-gripper-x-15
strips-gripper-x-16
strips-gripper-x-17
strips-gripper-x-18
strips-gripper-x-19
strips-gripper-x-2
strips-gripper-x-20
strips-gripper-x-3
strips-gripper-x-4
strips-gripper-x-5
strips-gripper-x-6
strips-gripper-x-7
strips-gripper-x-8
strips-gripper-x-9
strips-log-x-14
strips-log-x-15
strips-log-x-19
strips-log-x-2
strips-log-x-23
strips-log-x-24
strips-log-x-3
strips-log-x-4
strips-log-x-5
strips-log-x-6
strips-log-x-8
strips-log-x-9
strips-log-y-2
strips-log-y-3
strips-log-y-4
strips-log-y-5
strips-movie-x-1
strips-movie-x-10
strips-movie-x-11
strips-movie-x-12
strips-movie-x-13
strips-movie-x-14
strips-movie-x-15
strips-movie-x-16
strips-movie-x-17
strips-movie-x-18
strips-movie-x-19
strips-movie-x-2
strips-movie-x-20
strips-movie-x-21
strips-movie-x-22
strips-movie-x-23
strips-movie-x-24
strips-movie-x-25
strips-movie-x-26
strips-movie-x-27
strips-movie-x-28
strips-movie-x-29
strips-movie-x-3
strips-movie-x-30
strips-movie-x-4
strips-movie-x-5
strips-movie-x-6
strips-movie-x-7
strips-movie-x-8
strips-movie-x-9
strips-mprime-x-1
strips-mprime-x-10
strips-mprime-x-11
strips-mprime-x-12
strips-mprime-x-13
strips-mprime-x-14
strips-mprime-x-16
strips-mprime-x-17
strips-mprime-x-18
strips-mprime-x-19
strips-mprime-x-2
strips-mprime-x-21
strips-mprime-x-22
strips-mprime-x-23
strips-mprime-x-24
strips-mprime-x-25
strips-mprime-x-26
strips-mprime-x-27
strips-mprime-x-28
strips-mprime-x-29
strips-mprime-x-3
strips-mprime-x-30
strips-mprime-x-4
strips-mprime-x-5
strips-mprime-x-6
strips-mprime-x-7
strips-mprime-x-8
strips-mprime-x-9
strips-mprime-y-1
strips-mprime-y-2
strips-mprime-y-3
strips-mprime-y-4
strips-mprime-y-5
strips-mysty-x-1
strips-mysty-x-10
strips-mysty-x-11
strips-mysty-x-12
strips-mysty-x-13
strips-mysty-x-14
strips-mysty-x-15
strips-mysty-x-16
strips-mysty-x-17
strips-mysty-x-18
strips-mysty-x-19
strips-mysty-x-2
strips-mysty-x-20
strips-mysty-x-21
strips-mysty-x-22
strips-mysty-x-23
strips-mysty-x-24
strips-mysty-x-25
strips-mysty-x-26
strips-mysty-x-27
strips-mysty-x-28
strips-mysty-x-29
strips-mysty-x-3
strips-mysty-x-30
strips-mysty-x-4
strips-mysty-x-5
strips-mysty-x-6
strips-mysty-x-7
strips-mysty-x-8
strips-mysty-x-9